Microchip MPLAB XC8 Compiler V3.00

Linker command line:

-W-3 \
  --edf=C:/Program Files/Microchip/MPLABX/v6.25/packs/Microchip/PIC18F-K_DFP/1.14.301/xc8\pic\dat\20241213203129_en.msgs \
  -cn -h+dist/default/production\Traffic_AMR.X.production.sym \
  --cmf=dist/default/production\Traffic_AMR.X.production.cmf -z -Q18F45K80 \
  -oC:\Users\shubham\AppData\Local\Temp\xcAs118g.\driver_tmp_3.o \
  --defsym=__MPLAB_BUILD=1 --fixupoverflow=error \
  -Mdist/default/production/Traffic_AMR.X.production.map \
  --md=C:\Users\shubham\AppData\Local\Temp\xcAs118g.\driver_tmp_0.dat -E1 \
  -ver=XC8 Compiler -ACODE=00h-07FFFh -ACONST=00h-07FFFh \
  -ASMALLCONST=01000h-010FFhx112 -AMEDIUMCONST=01000h-07FFFh \
  -ACOMRAM=01h-05Fh -AABS1=00h-0E40h -ABIGRAM=01h-0E40h \
  -ARAM=060h-0FFh,0100h-01FFhx13,0E00h-0E40h -ABANK0=060h-0FFh \
  -ABANK1=0100h-01FFh -ABANK2=0200h-02FFh -ABANK3=0300h-03FFh \
  -ABANK4=0400h-04FFh -ABANK5=0500h-05FFh -ABANK6=0600h-06FFh \
  -ABANK7=0700h-07FFh -ABANK8=0800h-08FFh -ABANK9=0900h-09FFh \
  -ABANK10=0A00h-0AFFh -ABANK11=0B00h-0BFFh -ABANK12=0C00h-0CFFh \
  -ABANK13=0D00h-0DFFh -ABANK14=0E00h-0E40h \
  -ASFR=0E41h-0EFFh,0F00h-0F5Fh,0F60h-0FFFh -ABIGSFR=0E41h-0FFFh \
  -ACONFIG=0300000h-030000Dh -AIDLOC=0200000h-0200007h \
  -AEEDATA=0F00000h-0F003FFh -peeprom_data=EEDATA \
  -preset_vec=00h,intcode=8h,intcodelo=18h,sivt_lo,sivt_hi=CODE \
  -ppowerup=CODE,init -pramtop=01000h -psmallconst=SMALLCONST \
  -pmediumconst=MEDIUMCONST -pconst=CONST -AFARRAM=00h-00h \
  -prdata=COMRAM,nvrram=COMRAM,nvbit=COMRAM,rbss=COMRAM,rbit=COMRAM \
  -pfarbss=FARRAM,fardata=FARRAM,nvFARRAM=FARRAM \
  -pintsave_regs=BIGRAM,bigbss=BIGRAM,bigdata=BIGRAM -pbss=RAM \
  -pidata=CODE,irdata=CODE,ibigdata=CODE,ifardata=CODE -prparam=COMRAM \
  C:\Users\shubham\AppData\Local\Temp\xcAs118g.\driver_tmp_9.o \
  dist/default/production\Traffic_AMR.X.production.o 

Object code version is 3.11

Machine type is 18F45K80



                Name                               Link     Load   Length Selector   Space Scale
C:\Users\shubham\AppData\Local\Temp\xcAs118g.\driver_tmp_9.o
                config                           300000   300000        E        0       4
                init                               7FFC     7FFC        4     3FFE       0
                reset_vec                             0        0        4        0       0
dist/default/production\Traffic_AMR.X.production.o
                config                           300000   300000        E        0       4
                smallconst                         1000     1000        2      800       0
                text18                             1522     1522       26      801       0
                text17                             1582     1582       14      801       0
                text16                             15D0     15D0        A      801       0
                text15                             15C6     15C6        A      801       0
                text14                             15BC     15BC        A      801       0
                text13                             14E6     14E6       3C      801       0
                text12                             15B0     15B0        C      801       0
                text11                             1548     1548       24      801       0
                text10                             1596     1596        E      801       0
                text9                              15E6     15E6        6      801       0
                text8                              15E0     15E0        6      801       0
                text7                              156C     156C       16      801       0
                text6                              13D2     13D2       74      801       0
                text5                              14A0     14A0       46      801       0
                text4                              11CC     11CC      128      801       0
                text3                              1446     1446       5A      801       0
                text2                              15DA     15DA        6      801       0
                text1                              12F4     12F4       DE      801       0
                text0                              1002     1002      1CA      801       0
                cstackCOMRAM                          1        1       20        1       1
                bssCOMRAM                            27       27        1        1       1
                cinit                              15A4     15A4        C      801       0
                nvCOMRAM                             21       21        6        1       1

TOTAL           Name                               Link     Load   Length     Space
        CLASS   CODE           
                init                               7FFC     7FFC        4         0
                reset_vec                             0        0        4         0
                text18                             1522     1522       26         0
                text17                             1582     1582       14         0
                text16                             15D0     15D0        A         0
                text15                             15C6     15C6        A         0
                text14                             15BC     15BC        A         0
                text13                             14E6     14E6       3C         0
                text12                             15B0     15B0        C         0
                text11                             1548     1548       24         0
                text10                             1596     1596        E         0
                text9                              15E6     15E6        6         0
                text8                              15E0     15E0        6         0
                text7                              156C     156C       16         0
                text6                              13D2     13D2       74         0
                text5                              14A0     14A0       46         0
                text4                              11CC     11CC      128         0
                text3                              1446     1446       5A         0
                text2                              15DA     15DA        6         0
                text1                              12F4     12F4       DE         0
                text0                              1002     1002      1CA         0
                cinit                              15A4     15A4        C         0

        CLASS   CONST          

        CLASS   SMALLCONST     
                smallconst                         1000     1000        2         0

        CLASS   MEDIUMCONST    

        CLASS   COMRAM         
                cstackCOMRAM                          1        1       20         1
                bssCOMRAM                            27       27        1         1
                nvCOMRAM                             21       21        6         1

        CLASS   ABS1           

        CLASS   BIGRAM         

        CLASS   RAM            

        CLASS   BANK0          

        CLASS   BANK1          

        CLASS   BANK2          

        CLASS   BANK3          

        CLASS   BANK4          

        CLASS   BANK5          

        CLASS   BANK6          

        CLASS   BANK7          

        CLASS   BANK8          

        CLASS   BANK9          

        CLASS   BANK10         

        CLASS   BANK11         

        CLASS   BANK12         

        CLASS   BANK13         

        CLASS   BANK14         

        CLASS   SFR            

        CLASS   BIGSFR         

        CLASS   CONFIG         
                config                           300000   300000        E         4

        CLASS   IDLOC          

        CLASS   EEDATA         

        CLASS   FARRAM         

        CLASS   HEAP           

        CLASS   STACK          



SEGMENTS        Name                           Load    Length   Top    Selector   Space  Class

                reset_vec                      000000  000004  000004         0       0  CODE    
                cstackCOMRAM                   000001  000027  000028         1       1  COMRAM  
                smallconst                     001000  000002  001002       800       0  SMALLCON
                text0                          001002  0005EA  0015EC       801       0  CODE    
                init                           007FFC  000004  008000      3FFE       0  CODE    


UNUSED ADDRESS RANGES

        Name                Unused          Largest block    Delta
        BANK0            000060-0000FF               A0
        BANK1            000100-0001FF              100
        BANK10           000A00-000AFF              100
        BANK11           000B00-000BFF              100
        BANK12           000C00-000CFF              100
        BANK13           000D00-000DFF              100
        BANK14           000E00-000E40               41
        BANK2            000200-0002FF              100
        BANK3            000300-0003FF              100
        BANK4            000400-0004FF              100
        BANK5            000500-0005FF              100
        BANK6            000600-0006FF              100
        BANK7            000700-0007FF              100
        BANK8            000800-0008FF              100
        BANK9            000900-0009FF              100
        BIGRAM           000028-000E40              E19
        BIGSFR           000E41-000FFF              1BF
        CODE             000004-000FFF              FFC
                         0015EC-007FFB             6A10
        COMRAM           000028-00005F               38
        CONST            000004-000FFF              FFC
                         0015EC-007FFB             6A10
        EEDATA           F00000-F003FF              400
        IDLOC            200000-200007                8
        MEDIUMCONST      0015EC-007FFB             6A10
        RAM              000060-000E40              100
        SFR              000E41-000FFF               BF
        SMALLCONST       0015EC-007FFB              100

                                  Symbol Table

?___lwdiv                                       cstackCOMRAM 000001
?_measure_distance_cm                           cstackCOMRAM 000008
EUSART1_SetErrorHandler@interruptHandler        cstackCOMRAM 000001
EUSART1_SetFramingErrorHandler@interruptHandler cstackCOMRAM 000001
EUSART1_SetOverrunErrorHandler@interruptHandler cstackCOMRAM 000001
EUSART1_Write@txData                            cstackCOMRAM 000001
_ANCON0                                         (abs)        000F5D
_ANCON1                                         (abs)        000F5C
_BAUDCON1                                       (abs)        000FA7
_EUSART1_DefaultErrorHandler                    (abs)        000000
_EUSART1_DefaultFramingErrorHandler             (abs)        000000
_EUSART1_DefaultOverrunErrorHandler             (abs)        000000
_EUSART1_ErrorHandler                           nvCOMRAM     000021
_EUSART1_FramingErrorHandler                    nvCOMRAM     000025
_EUSART1_Initialize                             text13       0014E6
_EUSART1_OverrunErrorHandler                    nvCOMRAM     000023
_EUSART1_Read                                   text18       001522
_EUSART1_SetErrorHandler                        text16       0015D0
_EUSART1_SetFramingErrorHandler                 text15       0015C6
_EUSART1_SetOverrunErrorHandler                 text14       0015BC
_EUSART1_Write                                  text7        00156C
_EUSART1_is_rx_ready                            text17       001582
_INTCON2bits                                    (abs)        000FF1
_INTCONbits                                     (abs)        000FF2
_LATA                                           (abs)        000F89
_LATB                                           (abs)        000F8A
_LATC                                           (abs)        000F8B
_LATCbits                                       (abs)        000F8B
_LATD                                           (abs)        000F8C
_LATE                                           (abs)        000F8D
_OSCCON                                         (abs)        000FD3
_OSCCON2                                        (abs)        000FD2
_OSCILLATOR_Initialize                          text12       0015B0
_OSCTUNE                                        (abs)        000F9B
_PIN_MANAGER_Initialize                         text11       001548
_PIR1bits                                       (abs)        000F9E
_PORTC                                          (abs)        000F82
_RCREG1                                         (abs)        000FAE
_RCSTA1                                         (abs)        000FAB
_RCSTA1bits                                     (abs)        000FAB
_REFOCON                                        (abs)        000F9A
_SPBRG1                                         (abs)        000FAF
_SPBRGH1                                        (abs)        000F7D
_SYSTEM_Initialize                              text10       001596
_T1CON                                          (abs)        000FCD
_T1CONbits                                      (abs)        000FCD
_TMR1H                                          (abs)        000FCF
_TMR1L                                          (abs)        000FCE
_TRISA                                          (abs)        000F92
_TRISB                                          (abs)        000F93
_TRISC                                          (abs)        000F94
_TRISD                                          (abs)        000F95
_TRISE                                          (abs)        000F96
_TXREG1                                         (abs)        000FAD
_TXSTA1                                         (abs)        000FAC
_TXSTA1bits                                     (abs)        000FAC
_WPUB                                           (abs)        000F5B
__HRAM                                          (abs)        000000
__H__absolute__                                 __absolute__ 000000
__Habs1                                         abs1         000000
__Hbank0                                        bank0        000000
__Hbank1                                        bank1        000000
__Hbank10                                       bank10       000000
__Hbank11                                       bank11       000000
__Hbank12                                       bank12       000000
__Hbank13                                       bank13       000000
__Hbank14                                       bank14       000000
__Hbank2                                        bank2        000000
__Hbank3                                        bank3        000000
__Hbank4                                        bank4        000000
__Hbank5                                        bank5        000000
__Hbank6                                        bank6        000000
__Hbank7                                        bank7        000000
__Hbank8                                        bank8        000000
__Hbank9                                        bank9        000000
__Hbigbss                                       bigbss       000000
__Hbigdata                                      bigdata      000000
__Hbigram                                       bigram       000000
__Hbigsfr                                       bigsfr       000000
__Hbss                                          bss          000000
__HbssCOMRAM                                    bssCOMRAM    000000
__Hcinit                                        cinit        000000
__Hclrtext                                      clrtext      000000
__Hcomram                                       comram       000000
__Hconfig                                       config       30000E
__Hconst                                        const        000000
__HcstackCOMRAM                                 cstackCOMRAM 000000
__Hdata                                         data         000000
__Heeprom_data                                  eeprom_data  000000
__Hfarbss                                       farbss       000000
__Hfardata                                      fardata      000000
__Hheap                                         heap         000000
__Hibigdata                                     ibigdata     000000
__Hidata                                        idata        000000
__Hidloc                                        idloc        000000
__Hifardata                                     ifardata     000000
__Hinit                                         init         008000
__Hintcode                                      intcode      000008
__Hintcode_body                                 intcode_body 000000
__Hintcodelo                                    intcodelo    000018
__Hintentry                                     intentry     000000
__Hintret                                       intret       000000
__Hintsave_regs                                 intsave_regs 000000
__Hirdata                                       irdata       000000
__Hmediumconst                                  mediumconst  000000
__HnvCOMRAM                                     nvCOMRAM     000000
__HnvFARRAM                                     nvFARRAM     000000
__Hnvbit                                        nvbit        000000
__Hnvrram                                       nvrram       000000
__Hparam                                        rparam       000000
__Hpowerup                                      powerup      000000
__Hram                                          ram          000000
__Hramtop                                       ramtop       001000
__Hrbit                                         rbit         000000
__Hrbss                                         rbss         000000
__Hrdata                                        rdata        000000
__Hreset_vec                                    reset_vec    000004
__Hrparam                                       rparam       000000
__Hsfr                                          sfr          000000
__Hsivt_hi                                      sivt_hi      000000
__Hsivt_lo                                      sivt_lo      000018
__Hsmallconst                                   smallconst   001002
__Hspace_0                                      (abs)        008000
__Hspace_1                                      (abs)        000028
__Hspace_2                                      (abs)        000000
__Hspace_4                                      (abs)        60000E
__Hstack                                        stack        000000
__Hstruct                                       struct       000000
__Htemp                                         temp         000000
__Htext                                         text         000000
__Htext0                                        text0        000000
__Htext1                                        text1        000000
__Htext10                                       text10       000000
__Htext11                                       text11       000000
__Htext12                                       text12       000000
__Htext13                                       text13       000000
__Htext14                                       text14       000000
__Htext15                                       text15       000000
__Htext16                                       text16       000000
__Htext17                                       text17       000000
__Htext18                                       text18       000000
__Htext2                                        text2        000000
__Htext3                                        text3        000000
__Htext4                                        text4        000000
__Htext5                                        text5        000000
__Htext6                                        text6        000000
__Htext7                                        text7        000000
__Htext8                                        text8        000000
__Htext9                                        text9        000000
__LRAM                                          (abs)        000001
__L__absolute__                                 __absolute__ 000000
__Labs1                                         abs1         000000
__Lbank0                                        bank0        000000
__Lbank1                                        bank1        000000
__Lbank10                                       bank10       000000
__Lbank11                                       bank11       000000
__Lbank12                                       bank12       000000
__Lbank13                                       bank13       000000
__Lbank14                                       bank14       000000
__Lbank2                                        bank2        000000
__Lbank3                                        bank3        000000
__Lbank4                                        bank4        000000
__Lbank5                                        bank5        000000
__Lbank6                                        bank6        000000
__Lbank7                                        bank7        000000
__Lbank8                                        bank8        000000
__Lbank9                                        bank9        000000
__Lbigbss                                       bigbss       000000
__Lbigdata                                      bigdata      000000
__Lbigram                                       bigram       000000
__Lbigsfr                                       bigsfr       000000
__Lbss                                          bss          000000
__LbssCOMRAM                                    bssCOMRAM    000000
__Lcinit                                        cinit        000000
__Lclrtext                                      clrtext      000000
__Lcomram                                       comram       000000
__Lconfig                                       config       000000
__Lconst                                        const        000000
__LcstackCOMRAM                                 cstackCOMRAM 000000
__Ldata                                         data         000000
__Leeprom_data                                  eeprom_data  000000
__Lfarbss                                       farbss       000000
__Lfardata                                      fardata      000000
__Lheap                                         heap         000000
__Libigdata                                     ibigdata     000000
__Lidata                                        idata        000000
__Lidloc                                        idloc        000000
__Lifardata                                     ifardata     000000
__Linit                                         init         007FFC
__Lintcode                                      intcode      000008
__Lintcode_body                                 intcode_body 000000
__Lintcodelo                                    intcodelo    000018
__Lintentry                                     intentry     000000
__Lintret                                       intret       000000
__Lintsave_regs                                 intsave_regs 000000
__Lirdata                                       irdata       000000
__Lmediumconst                                  mediumconst  000000
__LnvCOMRAM                                     nvCOMRAM     000000
__LnvFARRAM                                     nvFARRAM     000000
__Lnvbit                                        nvbit        000000
__Lnvrram                                       nvrram       000000
__Lparam                                        rparam       000000
__Lpowerup                                      powerup      000000
__Lram                                          ram          000000
__Lramtop                                       ramtop       001000
__Lrbit                                         rbit         000000
__Lrbss                                         rbss         000000
__Lrdata                                        rdata        000000
__Lreset_vec                                    reset_vec    000000
__Lrparam                                       rparam       000000
__Lsfr                                          sfr          000000
__Lsivt_hi                                      sivt_hi      000000
__Lsivt_lo                                      sivt_lo      000018
__Lsmallconst                                   smallconst   001000
__Lspace_0                                      (abs)        000000
__Lspace_1                                      (abs)        000000
__Lspace_2                                      (abs)        000000
__Lspace_4                                      (abs)        000000
__Lstack                                        stack        000000
__Lstruct                                       struct       000000
__Ltemp                                         temp         000000
__Ltext                                         text         000000
__Ltext0                                        text0        000000
__Ltext1                                        text1        000000
__Ltext10                                       text10       000000
__Ltext11                                       text11       000000
__Ltext12                                       text12       000000
__Ltext13                                       text13       000000
__Ltext14                                       text14       000000
__Ltext15                                       text15       000000
__Ltext16                                       text16       000000
__Ltext17                                       text17       000000
__Ltext18                                       text18       000000
__Ltext2                                        text2        000000
__Ltext3                                        text3        000000
__Ltext4                                        text4        000000
__Ltext5                                        text5        000000
__Ltext6                                        text6        000000
__Ltext7                                        text7        000000
__Ltext8                                        text8        000000
__Ltext9                                        text9        000000
__S0                                            (abs)        008000
__S1                                            (abs)        000028
__S4                                            (abs)        000000
__S5                                            (abs)        000000
___heap_hi                                      (abs)        000000
___heap_lo                                      (abs)        000000
___inthi_sp                                     stack        000000
___inthi_stack_hi                               stack        000000
___inthi_stack_lo                               stack        000000
___intlo_sp                                     stack        000000
___intlo_stack_hi                               stack        000000
___intlo_stack_lo                               stack        000000
___lwdiv                                        text6        0013D2
___lwdiv@counter                                cstackCOMRAM 000007
___lwdiv@dividend                               cstackCOMRAM 000001
___lwdiv@divisor                                cstackCOMRAM 000003
___lwdiv@quotient                               cstackCOMRAM 000005
___param_bank                                   (abs)        000000
___rparam_used                                  (abs)        000001
___sp                                           stack        000000
___stack_hi                                     stack        000000
___stack_lo                                     stack        000000
__accesstop                                     (abs)        000060
__activetblptr                                  (abs)        000002
__end_of_EUSART1_Initialize                     text13       001522
__end_of_EUSART1_Read                           text18       001548
__end_of_EUSART1_SetErrorHandler                text16       0015DA
__end_of_EUSART1_SetFramingErrorHandler         text15       0015D0
__end_of_EUSART1_SetOverrunErrorHandler         text14       0015C6
__end_of_EUSART1_Write                          text7        001582
__end_of_EUSART1_is_rx_ready                    text17       001596
__end_of_OSCILLATOR_Initialize                  text12       0015BC
__end_of_PIN_MANAGER_Initialize                 text11       00156C
__end_of_SYSTEM_Initialize                      text10       0015A4
__end_of___lwdiv                                text6        001446
__end_of__initialization                        cinit        0015A6
__end_of_is_obstacle_detected                   text3        0014A0
__end_of_main                                   text0        0011CC
__end_of_measure_distance_cm                    text4        0012F4
__end_of_move_backward                          text9        0015EC
__end_of_move_forward                           text8        0015E6
__end_of_stop_all_motors                        text2        0015E0
__end_of_trigger_ultrasonic                     text5        0014E6
__end_of_wait_ms_with_obstacle_check            text1        0013D2
__initialization                                cinit        0015A4
__mediumconst                                   smallconst   001000
__pbssCOMRAM                                    bssCOMRAM    000027
__pcinit                                        cinit        0015A4
__pcstackCOMRAM                                 cstackCOMRAM 000001
__pnvCOMRAM                                     nvCOMRAM     000021
__psmallconst                                   smallconst   001000
__ptext0                                        text0        001002
__ptext1                                        text1        0012F4
__ptext10                                       text10       001596
__ptext11                                       text11       001548
__ptext12                                       text12       0015B0
__ptext13                                       text13       0014E6
__ptext14                                       text14       0015BC
__ptext15                                       text15       0015C6
__ptext16                                       text16       0015D0
__ptext17                                       text17       001582
__ptext18                                       text18       001522
__ptext2                                        text2        0015DA
__ptext3                                        text3        001446
__ptext4                                        text4        0011CC
__ptext5                                        text5        0014A0
__ptext6                                        text6        0013D2
__ptext7                                        text7        00156C
__ptext8                                        text8        0015E0
__ptext9                                        text9        0015E6
__ramtop                                        ramtop       001000
__smallconst                                    smallconst   001000
_eusart1RxLastError                             bssCOMRAM    000027
_is_obstacle_detected                           text3        001446
_is_obstacle_detected$444                       cstackCOMRAM 000015
_main                                           text0        001002
_measure_distance_cm                            text4        0011CC
_move_backward                                  text9        0015E6
_move_forward                                   text8        0015E0
_stop_all_motors                                text2        0015DA
_trigger_ultrasonic                             text5        0014A0
_wait_ms_with_obstacle_check                    text1        0012F4
end_of_initialization                           cinit        0015A6
intlevel0                                       text         000000
intlevel1                                       text         000000
intlevel2                                       text         000000
intlevel3                                       text         000000
is_obstacle_detected@dist1                      cstackCOMRAM 000011
is_obstacle_detected@dist2                      cstackCOMRAM 000013
isa$std                                         (abs)        000001
isa$xinst                                       (abs)        000000
main@cmd                                        cstackCOMRAM 000020
main@waitTime                                   cstackCOMRAM 00001E
measure_distance_cm@echoPin                     cstackCOMRAM 000008
measure_distance_cm@time                        cstackCOMRAM 00000C
measure_distance_cm@timeout                     cstackCOMRAM 00000F
measure_distance_cm@trigPin                     cstackCOMRAM 00000E
stackhi                                         (abs)        000000
stacklo                                         (abs)        000000
start                                           init         007FFC
start_initialization                            cinit        0015A4
trigger_ultrasonic@trigPin                      cstackCOMRAM 000003
wait_ms_with_obstacle_check@duration_ms         cstackCOMRAM 000016
wait_ms_with_obstacle_check@elapsed             cstackCOMRAM 00001A


MODULE INFORMATION

Module		Function		Class		Link	Load	Size
mcc_generated_files/pin_manager.c
		_PIN_MANAGER_Initialize		CODE           	1548	0000	36

mcc_generated_files/pin_manager.c estimated size: 36

shared
		__initialization		CODE           	15A4	0000	2

shared estimated size: 2

mcc_generated_files/eusart1.c
		_EUSART1_is_rx_ready		CODE           	1582	0000	20
		_EUSART1_Initialize		CODE           	14E6	0000	60
		_EUSART1_SetFramingErrorHandler		CODE           	15C6	0000	10
		_EUSART1_Read  		CODE           	1522	0000	38
		_EUSART1_SetOverrunErrorHandler		CODE           	15BC	0000	10
		_EUSART1_SetErrorHandler		CODE           	15D0	0000	10
		_EUSART1_Write 		CODE           	156C	0000	22

mcc_generated_files/eusart1.c estimated size: 170

mcc_generated_files/mcc.c
		_OSCILLATOR_Initialize		CODE           	15B0	0000	12
		_SYSTEM_Initialize		CODE           	1596	0000	14

mcc_generated_files/mcc.c estimated size: 26

C:\Program Files\Microchip\xc8\v3.00\pic\sources\c99\common\lwdiv.c
		___lwdiv       		CODE           	13D2	0000	116

C:\Program Files\Microchip\xc8\v3.00\pic\sources\c99\common\lwdiv.c estimated size: 116

main.c
		_wait_ms_with_obstacle_check		CODE           	12F4	0000	222
		_is_obstacle_detected		CODE           	1446	0000	90
		_measure_distance_cm		CODE           	11CC	0000	296
		_move_forward  		CODE           	15E0	0000	6
		_main          		CODE           	1002	0000	458
		_move_backward 		CODE           	15E6	0000	6
		_trigger_ultrasonic		CODE           	14A0	0000	70
		_stop_all_motors		CODE           	15DA	0000	6

main.c estimated size: 1154

